================================================================================
PHASE 3 VALIDATION REPORT
================================================================================

BASELINE STATISTICS
--------------------------------------------------------------------------------
Sessions: 5
Total Queries: 51
Total Tokens: 62,076
Mean Latency: 5.2ms

OPTIMIZED STATISTICS
--------------------------------------------------------------------------------
Sessions: 5
Total Queries: 51
Total Tokens: 45,602
Tokens Saved: 19,749
Savings: 30.2%
Cache Hit Rate: 17.4%
Optimization Rate: 60.5%
Mean Latency: 9.5ms

COMPARISON
--------------------------------------------------------------------------------
Token Reduction: 26.5%
Cache Effectiveness: 17.4%
Optimization Effectiveness: 60.5%
Latency Overhead: 4.4ms
Statistical Significance: Yes
Confidence Level: 95%

SAVINGS DISTRIBUTION
--------------------------------------------------------------------------------
Mean: 30.4%
Median: 30.4%
P95: 34.4%
Min: 24.5%
Max: 35.1%
95% CI: [27.0%, 33.7%]

RECOMMENDATIONS
--------------------------------------------------------------------------------
1. ✅ Good token reduction (26.5%). Consider increasing cache size for better results.
2. ❌ Low cache hit rate (17.4%). Review cache configuration and query patterns.
3. ⚠️ Moderate optimization rate (60.5%). Some prompts may not benefit from optimization.
4. ✅ Minimal latency overhead (4.4ms). Performance impact is negligible.

================================================================================